// Jest Snapshot v1, https://goo.gl/fbAQLP

exports[`IconButton should render 1`] = `
<body>
  <div>
    <script
      nonce=""
    >
      ((e, s, n, l, o, d, u, h)=&gt;{
    let m = document.documentElement, w = [
        "light",
        "dark"
    ];
    function p(r) {
        (Array.isArray(e) ? e : [
            e
        ]).forEach((y)=&gt;{
            let k = y === "class", S = k && d ? o.map((f)=&gt;d[f] || f) : o;
            k ? (m.classList.remove(...S), m.classList.add(d && d[r] ? d[r] : r)) : m.setAttribute(y, r);
        }), C(r);
    }
    function C(r) {
        h && w.includes(r) && (m.style.colorScheme = r);
    }
    function a() {
        return window.matchMedia("(prefers-color-scheme: dark)").matches ? "dark" : "light";
    }
    if (l) p(l);
    else try {
        let r = localStorage.getItem(s) || n, y = u && r === "system" ? a() : r;
        p(y);
    } catch (r) {}
})("class","theme","system",null,["light","dark"],null,true,true)
    </script>
    <section
      aria-atomic="false"
      aria-label="Notifications alt+T"
      aria-live="polite"
      aria-relevant="additions text"
      tabindex="-1"
    />
    <div
      class="flex flex-row gap-4"
    >
      <button
        class="group text-label-normal group-disabled:text-label-disabled dark:text-dark-label-normal dark:group-disabled:text-dark-label-disabled"
        type="button"
      >
        <svg
          aria-hidden="true"
          class="lucide lucide-x text-label-normal group-disabled:text-label-disabled dark:text-dark-label-normal dark:group-disabled:text-dark-label-disabled"
          component="[object Object]"
          fill="none"
          height="24"
          stroke="currentColor"
          stroke-linecap="round"
          stroke-linejoin="round"
          stroke-width="2"
          viewBox="0 0 24 24"
          width="24"
          xmlns="http://www.w3.org/2000/svg"
        >
          <path
            d="M18 6 6 18"
          />
          <path
            d="m6 6 12 12"
          />
        </svg>
      </button>
      <button
        class="group text-label-normal group-disabled:text-label-disabled dark:text-dark-label-normal dark:group-disabled:text-dark-label-disabled"
        disabled=""
        type="button"
      >
        <svg
          aria-hidden="true"
          class="lucide lucide-x text-label-normal group-disabled:text-label-disabled dark:text-dark-label-normal dark:group-disabled:text-dark-label-disabled"
          component="[object Object]"
          fill="none"
          height="24"
          stroke="currentColor"
          stroke-linecap="round"
          stroke-linejoin="round"
          stroke-width="2"
          viewBox="0 0 24 24"
          width="24"
          xmlns="http://www.w3.org/2000/svg"
        >
          <path
            d="M18 6 6 18"
          />
          <path
            d="m6 6 12 12"
          />
        </svg>
      </button>
    </div>
  </div>
</body>
`;
