// Jest Snapshot v1, https://goo.gl/fbAQLP

exports[`Switch should render 1`] = `
<body>
  <div>
    <section
      aria-atomic="false"
      aria-label="Notifications alt+T"
      aria-live="polite"
      aria-relevant="additions text"
      tabindex="-1"
    />
    <button
      class="relative z-10 flex-shrink-0 rounded-full transition-colors duration-300 disabled:opacity-40 h-[26px] w-12 bg-gray-300"
      type="button"
    >
      <div
        class="absolute left-0.5 top-0.5 z-20 flex-shrink-0 rounded-full bg-gray-100 shadow-toggle transition-transform duration-300 h-[22px] w-[22px] translate-x-0"
      />
    </button>
  </div>
</body>
`;
