// Jest Snapshot v1, https://goo.gl/fbAQLP

exports[`Tabs should render 1`] = `
<body>
  <div>
    <script
      nonce=""
    >
      ((e, s, n, l, o, d, u, h)=&gt;{
    let m = document.documentElement, w = [
        "light",
        "dark"
    ];
    function p(r) {
        (Array.isArray(e) ? e : [
            e
        ]).forEach((y)=&gt;{
            let k = y === "class", S = k && d ? o.map((f)=&gt;d[f] || f) : o;
            k ? (m.classList.remove(...S), m.classList.add(d && d[r] ? d[r] : r)) : m.setAttribute(y, r);
        }), C(r);
    }
    function C(r) {
        h && w.includes(r) && (m.style.colorScheme = r);
    }
    function a() {
        return window.matchMedia("(prefers-color-scheme: dark)").matches ? "dark" : "light";
    }
    if (l) p(l);
    else try {
        let r = localStorage.getItem(s) || n, y = u && r === "system" ? a() : r;
        p(y);
    } catch (r) {}
})("class","theme","system",null,["light","dark"],null,true,true)
    </script>
    <section
      aria-atomic="false"
      aria-label="Notifications alt+T"
      aria-live="polite"
      aria-relevant="additions text"
      tabindex="-1"
    />
    <div
      class="flex w-full flex-col gap-6"
    >
      <div
        class="flex flex-col gap-2"
        data-orientation="horizontal"
        data-slot="tabs"
        dir="ltr"
      >
        <div
          aria-orientation="horizontal"
          class="bg-background-strong dark:bg-dark-background-strong text-muted-foreground inline-flex h-9 w-fit items-center justify-center rounded-lg p-[3px]"
          data-orientation="horizontal"
          data-slot="tabs-list"
          role="tablist"
          style="outline: none;"
          tabindex="0"
        >
          <button
            aria-controls="radix-«r0»-content-account"
            aria-selected="true"
            class="data-[state=active]:bg-white data-[state=disabled]:text-label-disabled dark:text-dark-label-normal dark:data-[state=active]:bg-black dark:data-[state=disabled]:text-dark-label-disabled inline-flex h-[calc(100%-1px)] flex-1 items-center justify-center gap-1.5 whitespace-nowrap rounded-md border border-transparent px-2 py-1 text-14/body focus-visible:outline-1 focus-visible:ring-[3px] disabled:pointer-events-none disabled:opacity-50 data-[state=active]:shadow-sm [&_svg:not([class*='size-'])]:size-4 [&_svg]:pointer-events-none [&_svg]:shrink-0 transition-all duration-300"
            data-orientation="horizontal"
            data-radix-collection-item=""
            data-slot="tabs-trigger"
            data-state="active"
            id="radix-«r0»-trigger-account"
            role="tab"
            tabindex="-1"
            type="button"
          >
            Account
          </button>
          <button
            aria-controls="radix-«r0»-content-password"
            aria-selected="false"
            class="data-[state=active]:bg-white data-[state=disabled]:text-label-disabled dark:text-dark-label-normal dark:data-[state=active]:bg-black dark:data-[state=disabled]:text-dark-label-disabled inline-flex h-[calc(100%-1px)] flex-1 items-center justify-center gap-1.5 whitespace-nowrap rounded-md border border-transparent px-2 py-1 text-14/body focus-visible:outline-1 focus-visible:ring-[3px] disabled:pointer-events-none disabled:opacity-50 data-[state=active]:shadow-sm [&_svg:not([class*='size-'])]:size-4 [&_svg]:pointer-events-none [&_svg]:shrink-0 transition-all duration-300"
            data-orientation="horizontal"
            data-radix-collection-item=""
            data-slot="tabs-trigger"
            data-state="inactive"
            id="radix-«r0»-trigger-password"
            role="tab"
            tabindex="-1"
            type="button"
          >
            Password
          </button>
          <button
            aria-controls="radix-«r0»-content-settings"
            aria-selected="false"
            class="data-[state=active]:bg-white data-[state=disabled]:text-label-disabled dark:text-dark-label-normal dark:data-[state=active]:bg-black dark:data-[state=disabled]:text-dark-label-disabled inline-flex h-[calc(100%-1px)] flex-1 items-center justify-center gap-1.5 whitespace-nowrap rounded-md border border-transparent px-2 py-1 text-14/body focus-visible:outline-1 focus-visible:ring-[3px] disabled:pointer-events-none disabled:opacity-50 data-[state=active]:shadow-sm [&_svg:not([class*='size-'])]:size-4 [&_svg]:pointer-events-none [&_svg]:shrink-0 transition-all duration-300"
            data-orientation="horizontal"
            data-radix-collection-item=""
            data-slot="tabs-trigger"
            data-state="inactive"
            id="radix-«r0»-trigger-settings"
            role="tab"
            tabindex="-1"
            type="button"
          >
            Settings
          </button>
        </div>
        <div
          aria-labelledby="radix-«r0»-trigger-account"
          class="flex-1 outline-none"
          data-orientation="horizontal"
          data-slot="tabs-content"
          data-state="active"
          id="radix-«r0»-content-account"
          role="tabpanel"
          style="animation-duration: 0s;"
          tabindex="0"
        >
          <div>
            Account content goes here
          </div>
        </div>
        <div
          aria-labelledby="radix-«r0»-trigger-password"
          class="flex-1 outline-none"
          data-orientation="horizontal"
          data-slot="tabs-content"
          data-state="inactive"
          hidden=""
          id="radix-«r0»-content-password"
          role="tabpanel"
          tabindex="0"
        />
        <div
          aria-labelledby="radix-«r0»-trigger-settings"
          class="flex-1 outline-none"
          data-orientation="horizontal"
          data-slot="tabs-content"
          data-state="inactive"
          hidden=""
          id="radix-«r0»-content-settings"
          role="tabpanel"
          tabindex="0"
        />
      </div>
    </div>
  </div>
</body>
`;
