// Jest Snapshot v1, https://goo.gl/fbAQLP

exports[`Checkbox should render 1`] = `
<body>
  <div>
    <section
      aria-atomic="false"
      aria-label="Notifications alt+T"
      aria-live="polite"
      aria-relevant="additions text"
      tabindex="-1"
    />
    <button
      class="group relative h-6 w-6 p-[3px] disabled:opacity-40"
      type="button"
    >
      <div
        class="flex h-full w-full items-center justify-center rounded-sm bg-gray-100 border-[1.5px] border-gray-300"
      />
      <div
        class="absolute inset-0 bg-gray-950 opacity-0 transition-opacity duration-300 group-hover:opacity-[0.06] group-active:opacity-[0.12] -left-1 -top-1 h-8 w-8 rounded-full"
      />
    </button>
  </div>
</body>
`;
