// Jest Snapshot v1, https://goo.gl/fbAQLP

exports[`TextField should render 1`] = `
<body>
  <div>
    <script
      nonce=""
    >
      ((e, s, n, l, o, d, u, h)=&gt;{
    let m = document.documentElement, w = [
        "light",
        "dark"
    ];
    function p(r) {
        (Array.isArray(e) ? e : [
            e
        ]).forEach((y)=&gt;{
            let k = y === "class", S = k && d ? o.map((f)=&gt;d[f] || f) : o;
            k ? (m.classList.remove(...S), m.classList.add(d && d[r] ? d[r] : r)) : m.setAttribute(y, r);
        }), C(r);
    }
    function C(r) {
        h && w.includes(r) && (m.style.colorScheme = r);
    }
    function a() {
        return window.matchMedia("(prefers-color-scheme: dark)").matches ? "dark" : "light";
    }
    if (l) p(l);
    else try {
        let r = localStorage.getItem(s) || n, y = u && r === "system" ? a() : r;
        p(y);
    } catch (r) {}
})("class","theme","system",null,["light","dark"],null,true,true)
    </script>
    <section
      aria-atomic="false"
      aria-label="Notifications alt+T"
      aria-live="polite"
      aria-relevant="additions text"
      tabindex="-1"
    />
    <div
      class="flex w-full flex-col items-start gap-1.5 w-[240px]"
    >
      <div
        class="flex h-10 px-4 gap-2.5 items-center justify-between self-stretch rounded-md border border-line-normal dark:border-dark-line-normal autofill-hide transition-all duration-300 bg-background-strong dark:bg-dark-background-strong hover:bg-normal dark:hover:bg-dark-normal focus-within:border-primary-normal dark:focus-within:border-dark-primary-normal focus-within:bg-normal dark:focus-within:bg-dark-normal"
      >
        <input
          class="text-14/body peer w-full self-stretch overflow-ellipsis bg-transparent focus:outline-none text-label-normal dark:text-dark-label-normal placeholder:text-label-placeholder dark:placeholder:text-dark-label-placeholder disabled:text-label-disabled dark:disabled:text-dark-label-disabled"
          id="ui-«r0»"
          placeholder="Enter text here"
          type="text"
          value=""
        />
      </div>
      <div
        class="flex w-full flex-col items-start gap-0.5"
      />
    </div>
  </div>
</body>
`;
